// Jest Snapshot v1, https://goo.gl/fbAQLP

exports[`response responds with array 1`] = `"[{\\"foo\\":\\"bar\\"}]"`;
